<?xml version="1.0"?>
<testsuite name="PhantomJS 1.9.0 (Linux 0.0.0)" package="" timestamp="2017-02-12T19:05:32" id="0" hostname="christelle-Aspire-ES1-531" tests="4" errors="0" failures="0" time="0.003">
  <properties>
    <property name="browser.fullName" value="Mozilla/5.0 (Unknown; Linux x86_64) AppleWebKit/534.34 (KHTML, like Gecko) PhantomJS/1.9.0 Safari/534.34"/>
  </properties>
  <testcase name="Calculator should return 3 for 1 + 2" time="0.001" classname="Calculator"/>
  <testcase name="Calculator should calculate zero for invalid x value" time="0.001" classname="Calculator"/>
  <testcase name="Calculator should calculate zero for invalid y value" time="0.001" classname="Calculator"/>
  <testcase name="A test suite should fail" time="0" classname="A test suite"/>
  <system-out>
    <![CDATA[
]]>
  </system-out>
  <system-err/>
</testsuite>